[www.flent.in/reserve.html]
[backblue.gif]
[fade.gif]
[index.html]
[cdn.prod.website-files.com/6593ed11d5ad65d107dfe76c/css/flent.webflow.79fc90e66.min.css]
[ajax.googleapis.com/ajax/libs/webfont/1.6.26/webfont.js]
[cdn.prod.website-files.com/6593ed11d5ad65d107dfe76c/66f10c987597662dabd2bccc_fav32.jpg]
[cdn.prod.website-files.com/6593ed11d5ad65d107dfe76c/66f10c9b3fa34dea8ec79d50_fav256.jpg]
[connect.facebook.net/en_US/fbevents.js]
[js.hs-scripts.com/45469632.js]
[cdn.jsdelivr.net/npm/@finsweet/attributes-numbercount@1/numbercount.js]
[cdn.jsdelivr.net/npm/@finsweet/attributes-accordion@1/accordion.js]
[cdn.jsdelivr.net/npm/@finsweet/attributes-scrolldisable@1/scrolldisable.js]
[cdn.jsdelivr.net/npm/swiper@11/swiper-bundle.min.css]
[www.flent.in/properties.html]
[www.flent.in/owners.html]
[www.flent.in/about-us.html]
[cdnjs.cloudflare.com/ajax/libs/gsap/3.12.2/gsap.min.js]
[cdnjs.cloudflare.com/ajax/libs/gsap/3.12.2/ScrollTrigger.min.js]
[www.flent.in/contact-us.html]
[www.flent.in/privacy-policy.html]
[d3e54v103j8qbb.cloudfront.net/js/jquery-3.5.1.min.dc5e7f18c8e7eb.js]
[cdn.prod.website-files.com/6593ed11d5ad65d107dfe76c/js/webflow.schunk.90690657670f5b00.js]
[cdn.prod.website-files.com/6593ed11d5ad65d107dfe76c/js/webflow.schunk.334cac7f25fa2316.js]
[cdn.prod.website-files.com/6593ed11d5ad65d107dfe76c/js/webflow.6d556086.1772f45377e1f5e7.js]
[embed.typeform.com/next/embed.js]
[cdn.jsdelivr.net/npm/swiper@11/swiper-bundle.min.js]
[www.flent.in/reserve.html]
[cdn.prod.website-files.com/6593ed11d5ad65d107dfe76c/css/flent.webflow.79fc90e66.min.css]
[hubspotonwebflow.com/assets/js/form-124.js]
[connect.facebook.net/en_US/fbevents.js]
[www.googletagmanager.com/gtm5445.html]
[cdn.jsdelivr.net/npm/swiper@11/swiper-bundle.min.css]
[cdn.jsdelivr.net/npm/@finsweet/attributes-cmsfilter@1/cmsfilter.js]
[cdn.jsdelivr.net/npm/@finsweet/attributes-inputactive@1/inputactive.js]
[cdn.jsdelivr.net/npm/@finsweet/attributes-selectcustom@1/selectcustom.js]
[cdn.jsdelivr.net/npm/@finsweet/attributes-cmsselect@1/cmsselect.js]
[www.flent.in/properties/ferns-doddenakundi.html]
[www.flent.in/properties/bloom-kasavanahalli.html]
[www.flent.in/properties/sanctuary-8-defence-colony.html]
[www.flent.in/properties/orion-duplex-thanisandra.html]
[www.flent.in/properties/oceanus-kasavanahalli.html]
[www.flent.in/properties/wind-song-bellandur.html]
[www.flent.in/properties/zen-den-bellandur.html]
[www.flent.in/properties/park-view-whitefield.html]
[www.flent.in/properties/vspl-gardenia-benson-town.html]
[www.flent.in/properties/villa-varich-hsr-layout.html]
[www.flent.in/properties/skyview-duplex-richards-town.html]
[www.flent.in/properties/3bhk-ayappa-nagar-whitefield.html]
[www.flent.in/properties/green-elegance-bellandur.html]
[www.flent.in/properties/klassic-landmark-sarjapur-road.html]
[www.flent.in/properties/lushscape-hsr-layout.html]
[www.flent.in/properties/projector-suite-mg-road.html]
[www.flent.in/properties/solarium-hsr-layout.html]
[www.flent.in/properties/lakeside-manor-harlur.html]
[cdn.prod.website-files.com/6593ed11d5ad65d107dfe790/67b02be2cf04327d7132144e_67a5a98690f49fbd392f6294_679746aaed12de2b53ee0b29_DSC03991-HDR.jpg]
[www.flent.in/properties/brigade-varthur.html]
[www.flent.in/properties/opulent-cityscape-koramangala.html]
[www.flent.in/properties/misty-waters-hebbal.html]
[www.flent.in/properties/emerald-btm.html]
[www.flent.in/properties/velocity-53-koramanagala.html]
[www.flent.in/properties/casa-terraza-hsr-layout.html]
[www.flent.in/properties/olive-grove-domlur.html]
[www.flent.in/properties/blueprint-koramangala.html]
[www.flent.in/properties/lumina-indiranagar.html]
[www.flent.in/properties/vista-one-mahadevpura.html]
[www.flent.in/properties/radiant-eights-mahadevapura.html]
[www.flent.in/properties/prime-residence-marathalli.html]
[www.flent.in/properties/paradise-indiranagar.html]
[www.flent.in/properties/latitude-green-glen-layout.html]
[cdn.prod.website-files.com/6593ed11d5ad65d107dfe76c/js/webflow.schunk.72752a311c15c462.js]
[cdn.prod.website-files.com/6593ed11d5ad65d107dfe76c/js/webflow.schunk.75264f7cbae3044b.js]
[www.flent.in/properties.html]
[cdn.prod.website-files.com/6593ed11d5ad65d107dfe76c/js/webflow.8db14233.2ade512b98f860b1.js]
[unpkg.com/beerslider@1.0.3/dist/BeerSlider.css]
[cdn.prod.website-files.com/6593ed11d5ad65d107dfe76c/673c4c8a1c0c93b054ce1a5b_Zee Business 1-news.png]
[cdn.prod.website-files.com/6593ed11d5ad65d107dfe76c/js/webflow.dd15ab37.c748f4e9b9fac4dd.js]
[www.flent.in/owners.html]
[unpkg.com/beerslider@1.0.3/dist/BeerSlider.js]
[cdn.prod.website-files.com/6593ed11d5ad65d107dfe76c/67656485b940036dede5a17a_file (4).png]
[cdn.prod.website-files.com/6593ed11d5ad65d107dfe76c/6763fc765a4e4ce04f8cd629_file (3).png]
[www.flent.in/about-us.html]
[www.flent.in/contact-us.html]
[www.flent.in/privacy-policy.html]
[cdn.prod.website-files.com/6593ed11d5ad65d107dfe76c/js/webflow.af55db95.d8cca5731594d02d.js]
[www.flent.in/window.location.href]
[embed.typeform.com/next/embed.js]
[www.flent.in/schema.org/index.html]
[cdn.jsdelivr.net/npm/@finsweet/attributes-cmsslider@1/cmsslider.js]
[cdn.jsdelivr.net/npm/@finsweet/attributes-mirrorclick@1/mirrorclick.js]
[api.mapbox.com/mapbox-gl-js/v3.8.0/mapbox-gl.css]
[api.mapbox.com/mapbox-gl-js/plugins/mapbox-gl-directions/v4.1.1/mapbox-gl-directions.css]
[api.mapbox.com/mapbox-gl-js/plugins/mapbox-gl-geocoder/v5.0.3/mapbox-gl-geocoder.css]
[cdn.prod.website-files.com/6593ed11d5ad65d107dfe76c/js/webflow.f990c11c.2bea646175d67962.js]
[api.mapbox.com/mapbox-gl-js/v3.8.0/mapbox-gl.js]
[api.mapbox.com/mapbox-gl-js/plugins/mapbox-gl-directions/v4.1.1/mapbox-gl-directions.js]
[www.flent.in/properties/ferns-doddenakundi.html]
[www.flent.in/properties/bloom-kasavanahalli.html]
[www.flent.in/properties/sanctuary-8-defence-colony.html]
[www.flent.in/properties/orion-duplex-thanisandra.html]
[www.flent.in/properties/oceanus-kasavanahalli.html]
[www.flent.in/properties/wind-song-bellandur.html]
[www.flent.in/properties/zen-den-bellandur.html]
[www.flent.in/properties/park-view-whitefield.html]
[www.flent.in/properties/vspl-gardenia-benson-town.html]
[www.flent.in/properties/villa-varich-hsr-layout.html]
[www.flent.in/properties/skyview-duplex-richards-town.html]
[www.flent.in/properties/3bhk-ayappa-nagar-whitefield.html]
[www.flent.in/properties/green-elegance-bellandur.html]
[www.flent.in/properties/klassic-landmark-sarjapur-road.html]
[api.mapbox.com/mapbox-gl-js/plugins/mapbox-gl-geocoder/v5.0.3/mapbox-gl-geocoder.min.js]
[cdn.prod.website-files.com/6593ed11d5ad65d107dfe790/67b02be866f48f117fb8cc8e_67a5a9a463b6e9d7b09b2447_67265e08f726cae552b8fdc9_6710c71352045d4c63f44f4f_DSC07941-HDR.jpg]
[cdn.prod.website-files.com/6593ed11d5ad65d107dfe790/67b02be866f48f117fb8cc86_67a5a9a463b6e9d7b09b2442_67265e08f726cae552b8fddf_6710c790dd608fb4d5a15064_PXL_20241016_115537699.jpg]
[cdn.prod.website-files.com/6593ed11d5ad65d107dfe790/67c6e7e3a04bfea47dc9e024_67a6baf49264e889a6395748_672e24133184b0b654df6d43_67206ade7a66087aa519057c_6710c79e9c87cb4b858f9c33_DSC07921-HDR.jpg]
[cdn.prod.website-files.com/6593ed11d5ad65d107dfe790/67c6e7e4342852c6a29efc4b_67a6baf4dcb6ce82ee69c181_672e24148ed245043ead2f74_67206adf0fde06a0f7bb7908_6710c7d8e8c86e0dfee226c0_DSC07905-HDR.jpg]
[www.flent.in/properties/lushscape-hsr-layout.html]
[www.flent.in/properties/projector-suite-mg-road.html]
[www.flent.in/properties/solarium-hsr-layout.html]
[www.flent.in/properties/lakeside-manor-harlur.html]
[www.flent.in/properties/brigade-varthur.html]
[www.flent.in/properties/opulent-cityscape-koramangala.html]
[www.flent.in/properties/misty-waters-hebbal.html]
[www.flent.in/properties/emerald-btm.html]
[www.flent.in/properties/velocity-53-koramanagala.html]
[www.flent.in/properties/casa-terraza-hsr-layout.html]
[www.flent.in/properties/olive-grove-domlur.html]
[www.flent.in/properties/blueprint-koramangala.html]
[www.flent.in/properties/lumina-indiranagar.html]
[www.flent.in/properties/vista-one-mahadevpura.html]
[www.flent.in/properties/radiant-eights-mahadevapura.html]
[www.flent.in/properties/prime-residence-marathalli.html]
[www.flent.in/properties/paradise-indiranagar.html]
[www.flent.in/properties/latitude-green-glen-layout.html]
[unpkg.com/beerslider@1.0.3/dist/BeerSlider.css]
[www.flent.in/to/index.html]
[www.flent.in/-closed=true;Path=/index.html]
[www.flent.in/window.location.html]
[embed.typeform.com/next/css/index.html]
[www.flent.in/index.html]
[api.mapbox.com/mapbox-gl-js/v3.8.0/mapbox-gl.css]
[api.mapbox.com/mapbox-gl-js/plugins/mapbox-gl-directions/v4.1.1/mapbox-gl-directions.css]
[api.mapbox.com/mapbox-gl-js/plugins/mapbox-gl-geocoder/v5.0.3/mapbox-gl-geocoder.css]
[www.flent.in/refund-policy.html]
[www.flent.in/terms-of-use.html]
[www.flent.in/a.html]
[www.flent.in/POST.html]
[www.flent.in/b.html]
[www.flent.in/signals/iwl.html]
[www.flent.in/properties/tranquil-residence-2bhk.html]
[www.flent.in/properties/evergreen-haralur-road.html]
[www.flent.in/properties/penthouse-20.html]
[www.flent.in/properties/classical-indian-condo-bellandur.html]
[www.flent.in/properties/seventh-haven-bellandur.html]
[www.flent.in/properties/stillwater-grove-whitefield.html]
[www.flent.in/properties/aurora-grande-marathahalli.html]
[www.flent.in/properties/panchvati-indiranagar.html]
[www.flent.in/properties/indigo-solace-bellandur.html]
[www.flent.in/properties/loft-btm-lake.html]
[www.flent.in/properties/celeste-residence-bellandur.html]
[www.flent.in/properties/elite-enclave-hsr.html]
[www.flent.in/properties/amberwood-indiranagar.html]
[www.flent.in/properties/east-heights-cvraman.html]
[www.flent.in/properties/zenith-kadubisanahalli.html]
[www.flent.in/properties/calm-crescent.html]
[www.flent.in/properties/elevate-koramangala.html]
[www.flent.in/properties/pearl-indiranagar.html]
[www.flent.in/properties/the-high-life-bellandur.html]
[www.flent.in/properties/sunlit-serenity-bellandur.html]
[www.flent.in/properties/iris-vista-bellandur.html]
[www.flent.in/properties/sundrop-hsr-layout.html]
[www.flent.in/properties/urban-canvas-hoodi.html]
[www.flent.in/properties/lakeview-penthouse-hsr-layout.html]
[www.flent.in/properties/godrej-36-whitefield.html]
[www.flent.in/properties/serene-vista-bellandur.html]
[www.flent.in/properties/sky-vista-indiranagar.html]
[www.flent.in/properties/cozy-nook-kudlu-gate.html]
[www.flent.in/properties/sunnyside-bellandur.html]
[www.flent.in/properties/elysian-hsr-layout.html]
[www.flent.in/properties/hearthstone-bellandur.html]
[www.flent.in/properties/cornerstone-bellandur.html]
[www.flent.in/properties/riverdale-esidence-elahanka.html]
[www.flent.in/properties/vista-two-mahadevpura.html]
[www.flent.in/properties/pulp-fiction-hsr-layout.html]
[www.flent.in/properties/minimalist-haven-koramangala.html]
[www.flent.in/properties/city-retreat-old-madras-road.html]
[www.flent.in/properties/palm-retreat-bellandur.html]
[www.flent.in/properties/parkside-haralur-road.html]
[www.flent.in/properties/living-arch-bellandur.html]
[www.flent.in/properties/hustle-bustle-kadubisanahalli.html]
[www.flent.in/properties/azure-harmony-whitefield.html]
[www.flent.in/properties/3bhk-hrbr-layout.html]
[www.flent.in/properties/timber-grove-domlur.html]
[www.flent.in/properties/amber-square-sarjapur.html]
[www.flent.in/properties/serenity-greens.html]
[www.flent.in/properties/the-modern-condo-kalyan-nagar.html]
[www.flent.in/properties/the-golden-gate-richards-town.html]
[www.flent.in/properties/alpine-richardstown.html]
[www.flent.in/properties/cozy-1-bhk-hsr-layout.html]
[www.flent.in/properties/15th-main-indiranagar.html]
[www.flent.in/properties/orchard-greens-domlur.html]
[www.flent.in/properties/urban-nest-domlur.html]
[www.flent.in/e.html]
[www.flent.in/schema.html]
[www.flent.in/to.html]
[www.flent.in/-closed=true;Path=.html]
